// Jest Snapshot v1, https://goo.gl/fbAQLP

exports[`Storyshots Visual/Icons All Icons 1`] = `
<div
  className="icon-search-story"
>
  <button
    className="rvt-button rvt-button--plain rvt-button--small"
    id="id_a9f73c"
    title="alert"
  >
    <div
      className="studio-icon"
    >
      <svg
        fill="none"
        stroke="currentColor"
        strokeLinecap="round"
        strokeLinejoin="round"
        strokeWidth={2}
        viewBox="0 0 24 24"
        xmlns="http://www.w3.org/2000/svg"
      >
        <circle
          cx="12"
          cy="12"
          r="10"
        />
        <line
          x1="12"
          x2="12"
          y1="8"
          y2="12"
        />
        <line
          x1="12"
          x2="12.01"
          y1="16"
          y2="16"
        />
      </svg>
    </div>
  </button>
  <button
    className="rvt-button rvt-button--plain rvt-button--small"
    id="id_abd886"
    title="help"
  >
    <div
      className="studio-icon"
    >
      <svg
        fill="none"
        stroke="currentColor"
        strokeLinecap="round"
        strokeLinejoin="round"
        strokeWidth={2}
        viewBox="0 0 24 24"
        xmlns="http://www.w3.org/2000/svg"
      >
        <circle
          cx="12"
          cy="12"
          r="10"
        />
        <path
          d="M9.09 9a3 3 0 0 1 5.83 1c0 2-3 3-3 3"
        />
        <line
          x1="12"
          x2="12.01"
          y1="17"
          y2="17"
        />
      </svg>
    </div>
  </button>
  <button
    className="rvt-button rvt-button--plain rvt-button--small"
    id="id_fad111"
    title="info"
  >
    <div
      className="studio-icon"
    >
      <svg
        fill="none"
        stroke="currentColor"
        strokeLinecap="round"
        strokeLinejoin="round"
        strokeWidth={2}
        viewBox="0 0 24 24"
        xmlns="http://www.w3.org/2000/svg"
      >
        <circle
          cx="12"
          cy="12"
          r="10"
        />
        <line
          x1="12"
          x2="12"
          y1="16"
          y2="12"
        />
        <line
          x1="12"
          x2="12.01"
          y1="8"
          y2="8"
        />
      </svg>
    </div>
  </button>
  <button
    className="rvt-button rvt-button--plain rvt-button--small"
    id="id_55398d"
    title="close"
  >
    <div
      className="studio-icon"
    >
      <svg
        fill="none"
        stroke="currentColor"
        strokeLinecap="round"
        strokeLinejoin="round"
        strokeWidth={2}
        viewBox="0 0 24 24"
        xmlns="http://www.w3.org/2000/svg"
      >
        <circle
          cx="12"
          cy="12"
          r="10"
        />
        <line
          x1="15"
          x2="9"
          y1="9"
          y2="15"
        />
        <line
          x1="9"
          x2="15"
          y1="9"
          y2="15"
        />
      </svg>
    </div>
  </button>
  <button
    className="rvt-button rvt-button--plain rvt-button--small"
    id="id_c6c482"
    title="search"
  >
    <div
      className="studio-icon"
    >
      <svg
        fill="none"
        stroke="currentColor"
        strokeLinecap="round"
        strokeLinejoin="round"
        strokeWidth={2}
        viewBox="0 0 24 24"
        xmlns="http://www.w3.org/2000/svg"
      >
        <circle
          cx="11"
          cy="11"
          r="8"
        />
        <line
          x1="21"
          x2="16.65"
          y1="21"
          y2="16.65"
        />
      </svg>
    </div>
  </button>
  <button
    className="rvt-button rvt-button--plain rvt-button--small"
    id="id_cc258b"
    title="filter"
  >
    <div
      className="studio-icon"
    >
      <svg
        fill="none"
        stroke="currentColor"
        strokeLinecap="round"
        strokeLinejoin="round"
        strokeWidth={2}
        viewBox="0 0 24 24"
        xmlns="http://www.w3.org/2000/svg"
      >
        <polygon
          points="22 3 2 3 10 12.46 10 19 14 21 14 12.46 22 3"
        />
      </svg>
    </div>
  </button>
  <button
    className="rvt-button rvt-button--plain rvt-button--small"
    id="id_6104db"
    title="reset"
  >
    <div
      className="studio-icon"
    >
      <svg
        fill="none"
        stroke="currentColor"
        strokeLinecap="round"
        strokeLinejoin="round"
        strokeWidth={2}
        viewBox="0 0 24 24"
        xmlns="http://www.w3.org/2000/svg"
      >
        <polygon
          points="22 3 2 3 10 12.46 10 19 14 21 14 12.46 22 3"
        />
        <line
          x1="8"
          x2="18"
          y1="2"
          y2="23"
        />
      </svg>
    </div>
  </button>
  <button
    className="rvt-button rvt-button--plain rvt-button--small"
    id="id_b3945b"
    title="sort-asc"
  >
    <div
      className="studio-icon"
    >
      <svg
        fill="none"
        stroke="currentColor"
        strokeLinecap="round"
        strokeLinejoin="round"
        strokeWidth={2}
        viewBox="0 0 24 24"
        xmlns="http://www.w3.org/2000/svg"
      >
        <path
          d="M11 5h4"
        />
        <path
          d="M11 9h7"
        />
        <path
          d="M11 13h10"
        />
        <path
          d="M3 17l3 3 3-3"
        />
        <path
          d="M6 18V4"
        />
      </svg>
    </div>
  </button>
  <button
    className="rvt-button rvt-button--plain rvt-button--small"
    id="id_d8baac"
    title="sort-desc"
  >
    <div
      className="studio-icon"
    >
      <svg
        fill="none"
        stroke="currentColor"
        strokeLinecap="round"
        strokeLinejoin="round"
        strokeWidth={2}
        viewBox="0 0 24 24"
        xmlns="http://www.w3.org/2000/svg"
      >
        <path
          d="M11 8h10"
        />
        <path
          d="M11 12h7"
        />
        <path
          d="M11 16h4"
        />
        <path
          d="M6 18V4"
        />
        <polyline
          points="10 5 6 2 2 5"
        />
      </svg>
    </div>
  </button>
  <button
    className="rvt-button rvt-button--plain rvt-button--small"
    id="id_1039c5b"
    title="user"
  >
    <div
      className="studio-icon"
    >
      <svg
        fill="none"
        stroke="currentColor"
        strokeLinecap="round"
        strokeLinejoin="round"
        strokeWidth={2}
        viewBox="0 0 24 24"
        xmlns="http://www.w3.org/2000/svg"
      >
        <path
          d="M20 21v-2a4 4 0 0 0-4-4H8a4 4 0 0 0-4 4v2"
        />
        <circle
          cx="12"
          cy="7"
          r="4"
        />
      </svg>
    </div>
  </button>
  <button
    className="rvt-button rvt-button--plain rvt-button--small"
    id="id_6c0385"
    title="log-in"
  >
    <div
      className="studio-icon"
    >
      <svg
        fill="none"
        stroke="currentColor"
        strokeLinecap="round"
        strokeLinejoin="round"
        strokeWidth={2}
        viewBox="0 0 24 24"
        xmlns="http://www.w3.org/2000/svg"
      >
        <path
          d="M15 3h4a2 2 0 0 1 2 2v14a2 2 0 0 1-2 2h-4"
        />
        <polyline
          points="10 17 15 12 10 7"
        />
        <line
          x1="15"
          x2="3"
          y1="12"
          y2="12"
        />
      </svg>
    </div>
  </button>
  <button
    className="rvt-button rvt-button--plain rvt-button--small"
    id="id_827d6a"
    title="log-out"
  >
    <div
      className="studio-icon"
    >
      <svg
        fill="none"
        stroke="currentColor"
        strokeLinecap="round"
        strokeLinejoin="round"
        strokeWidth={2}
        viewBox="0 0 24 24"
        xmlns="http://www.w3.org/2000/svg"
      >
        <path
          d="M9 21H5a2 2 0 0 1-2-2V5a2 2 0 0 1 2-2h4"
        />
        <polyline
          points="16 17 21 12 16 7"
        />
        <line
          x1="21"
          x2="9"
          y1="12"
          y2="12"
        />
      </svg>
    </div>
  </button>
  <button
    className="rvt-button rvt-button--plain rvt-button--small"
    id="id_c384a4"
    title="home"
  >
    <div
      className="studio-icon"
    >
      <svg
        fill="none"
        stroke="currentColor"
        strokeLinecap="round"
        strokeLinejoin="round"
        strokeWidth={2}
        viewBox="0 0 24 24"
        xmlns="http://www.w3.org/2000/svg"
      >
        <path
          d="M3 9l9-7 9 7v11a2 2 0 0 1-2 2H5a2 2 0 0 1-2-2z"
        />
        <polyline
          points="9 22 9 12 15 12 15 22"
        />
      </svg>
    </div>
  </button>
  <button
    className="rvt-button rvt-button--plain rvt-button--small"
    id="id_aa5602"
    title="more"
  >
    <div
      className="studio-icon"
    >
      <svg
        fill="none"
        stroke="currentColor"
        strokeLinecap="round"
        strokeLinejoin="round"
        strokeWidth={2}
        viewBox="0 0 24 24"
        xmlns="http://www.w3.org/2000/svg"
      >
        <circle
          cx="12"
          cy="12"
          r="1"
        />
        <circle
          cx="12"
          cy="5"
          r="1"
        />
        <circle
          cx="12"
          cy="19"
          r="1"
        />
      </svg>
    </div>
  </button>
  <button
    className="rvt-button rvt-button--plain rvt-button--small"
    id="id_ad5884"
    title="trash"
  >
    <div
      className="studio-icon"
    >
      <svg
        fill="none"
        stroke="currentColor"
        strokeLinecap="round"
        strokeLinejoin="round"
        strokeWidth={2}
        viewBox="0 0 24 24"
        xmlns="http://www.w3.org/2000/svg"
      >
        <polyline
          points="3 6 5 6 21 6"
        />
        <path
          d="M19 6v14a2 2 0 0 1-2 2H7a2 2 0 0 1-2-2V6m3 0V4a2 2 0 0 1 2-2h4a2 2 0 0 1 2 2v2"
        />
        <line
          x1="10"
          x2="10"
          y1="11"
          y2="17"
        />
        <line
          x1="14"
          x2="14"
          y1="11"
          y2="17"
        />
      </svg>
    </div>
  </button>
  <button
    className="rvt-button rvt-button--plain rvt-button--small"
    id="id_f36f64"
    title="save"
  >
    <div
      className="studio-icon"
    >
      <svg
        fill="none"
        stroke="currentColor"
        strokeLinecap="round"
        strokeLinejoin="round"
        strokeWidth={2}
        viewBox="0 0 24 24"
        xmlns="http://www.w3.org/2000/svg"
      >
        <path
          d="M19 21H5a2 2 0 0 1-2-2V5a2 2 0 0 1 2-2h11l5 5v11a2 2 0 0 1-2 2z"
        />
        <polyline
          points="17 21 17 13 7 13 7 21"
        />
        <polyline
          points="7 3 7 8 15 8"
        />
      </svg>
    </div>
  </button>
  <button
    className="rvt-button rvt-button--plain rvt-button--small"
    id="id_5ef4da"
    title="settings"
  >
    <div
      className="studio-icon"
    >
      <svg
        fill="none"
        stroke="currentColor"
        strokeLinecap="round"
        strokeLinejoin="round"
        strokeWidth={2}
        viewBox="0 0 24 24"
        xmlns="http://www.w3.org/2000/svg"
      >
        <circle
          cx="12"
          cy="12"
          r="3"
        />
        <path
          d="M19.4 15a1.65 1.65 0 0 0 .33 1.82l.06.06a2 2 0 0 1 0 2.83 2 2 0 0 1-2.83 0l-.06-.06a1.65 1.65 0 0 0-1.82-.33 1.65 1.65 0 0 0-1 1.51V21a2 2 0 0 1-2 2 2 2 0 0 1-2-2v-.09A1.65 1.65 0 0 0 9 19.4a1.65 1.65 0 0 0-1.82.33l-.06.06a2 2 0 0 1-2.83 0 2 2 0 0 1 0-2.83l.06-.06a1.65 1.65 0 0 0 .33-1.82 1.65 1.65 0 0 0-1.51-1H3a2 2 0 0 1-2-2 2 2 0 0 1 2-2h.09A1.65 1.65 0 0 0 4.6 9a1.65 1.65 0 0 0-.33-1.82l-.06-.06a2 2 0 0 1 0-2.83 2 2 0 0 1 2.83 0l.06.06a1.65 1.65 0 0 0 1.82.33H9a1.65 1.65 0 0 0 1-1.51V3a2 2 0 0 1 2-2 2 2 0 0 1 2 2v.09a1.65 1.65 0 0 0 1 1.51 1.65 1.65 0 0 0 1.82-.33l.06-.06a2 2 0 0 1 2.83 0 2 2 0 0 1 0 2.83l-.06.06a1.65 1.65 0 0 0-.33 1.82V9a1.65 1.65 0 0 0 1.51 1H21a2 2 0 0 1 2 2 2 2 0 0 1-2 2h-.09a1.65 1.65 0 0 0-1.51 1z"
        />
      </svg>
    </div>
  </button>
</div>
`;

exports[`Storyshots Visual/Icons Default 1`] = `
<div
  className="icon-search-story"
>
  <div
    className="studio-icon"
  >
    <svg
      fill="none"
      stroke="currentColor"
      strokeLinecap="round"
      strokeLinejoin="round"
      strokeWidth={2}
      viewBox="0 0 24 24"
      xmlns="http://www.w3.org/2000/svg"
    >
      <circle
        cx="12"
        cy="12"
        r="10"
      />
      <line
        x1="12"
        x2="12"
        y1="8"
        y2="12"
      />
      <line
        x1="12"
        x2="12.01"
        y1="16"
        y2="16"
      />
    </svg>
  </div>
</div>
`;
